; memory-size: 262144 bytes, (40000 hex)
; data-stack: 3fe00, grows up
; return-stack: 3fffc, grows down
;
0000: 08 77 02 00 00             ; JMP MAIN (0277)
;
0005: 00 0a 04
0008: 00000000 00000000
0010: 000002c4 0003faf2 00000000 00000000
0020: 00000000 00000000 00000000 00000000
0030: 00000000 00000000 00000000 00000000
;
0040: 18 ed fd 03 00             ; DICTP BASE (3fded)
0045: 0e 06                      ; CLITERAL 6
0047: 0c                         ; RET
;
0048: 18 de fd 03 00             ; DICTP CELL (3fdde)
004d: 0e 04                      ; CLITERAL 4
004f: 0c                         ; RET
;
0050: 18 d1 fd 03 00             ; DICTP DP (3fdd1)
0055: 0e 10                      ; CLITERAL 16
0057: 0c                         ; RET
;
0058: 18 c0 fd 03 00             ; DICTP (LAST) (3fdc0)
005d: 0e 14                      ; CLITERAL 20
005f: 0c                         ; RET
;
0060: 18 ad fd 03 00             ; DICTP INPUT-FP (3fdad)
0065: 0e 1c                      ; CLITERAL 28
0067: 0c                         ; RET
;
0068: 18 9d fd 03 00             ; DICTP STATE (3fd9d)
006d: 0e 20                      ; CLITERAL 32
006f: 0c                         ; RET
;
0070: 18 90 fd 03 00             ; DICTP C, (3fd90)
0075: 0e 10                      ; CLITERAL 16
0077: 02                         ; FETCH
0078: 10                         ; CSTORE
0079: 0e 10                      ; CLITERAL 16
007b: 02                         ; FETCH
007c: 0e 01                      ; CLITERAL 1
007e: 11                         ; ADD
007f: 0e 10                      ; CLITERAL 16
0081: 03                         ; STORE
0082: 0c                         ; RET
;
0083: 18 84 fd 03 00             ; DICTP @ (3fd84)
0088: 02                         ; FETCH
0089: 0c                         ; RET
;
008a: 18 78 fd 03 00             ; DICTP ! (3fd78)
008f: 03                         ; STORE
0090: 0c                         ; RET
;
0091: 18 6b fd 03 00             ; DICTP C@ (3fd6b)
0096: 0f                         ; CFETCH
0097: 0c                         ; RET
;
0098: 18 5e fd 03 00             ; DICTP C! (3fd5e)
009d: 10                         ; CSTORE
009e: 0c                         ; RET
;
009f: 18 4f fd 03 00             ; DICTP SWAP (3fd4f)
00a4: 04                         ; SWAP
00a5: 0c                         ; RET
;
00a6: 18 40 fd 03 00             ; DICTP DROP (3fd40)
00ab: 05                         ; DROP
00ac: 0c                         ; RET
;
00ad: 18 32 fd 03 00             ; DICTP DUP (3fd32)
00b2: 06                         ; DUP
00b3: 0c                         ; RET
;
00b4: 18 23 fd 03 00             ; DICTP OVER (3fd23)
00b9: 1a                         ; OVER
00ba: 0c                         ; RET
;
00bb: 18 11 fd 03 00             ; DICTP COMPARE (3fd11)
00c0: 1b                         ; COMPARE
00c1: 0c                         ; RET
;
00c2: 18 fe fc 03 00             ; DICTP COMPAREI (3fcfe)
00c7: 28                         ; COMPAREI
00c8: 0c                         ; RET
;
00c9: 18 f2 fc 03 00             ; DICTP + (3fcf2)
00ce: 11                         ; ADD
00cf: 0c                         ; RET
;
00d0: 18 e6 fc 03 00             ; DICTP - (3fce6)
00d5: 12                         ; SUB
00d6: 0c                         ; RET
;
00d7: 18 da fc 03 00             ; DICTP * (3fcda)
00dc: 13                         ; MUL
00dd: 0c                         ; RET
;
00de: 18 ce fc 03 00             ; DICTP / (3fcce)
00e3: 14                         ; DIV
00e4: 0c                         ; RET
;
00e5: 18 c2 fc 03 00             ; DICTP < (3fcc2)
00ea: 15                         ; LT
00eb: 0c                         ; RET
;
00ec: 18 b6 fc 03 00             ; DICTP = (3fcb6)
00f1: 16                         ; EQ
00f2: 0c                         ; RET
;
00f3: 18 aa fc 03 00             ; DICTP > (3fcaa)
00f8: 17                         ; GT
00f9: 0c                         ; RET
;
00fa: 18 9b fc 03 00             ; DICTP EMIT (3fc9b)
00ff: 19                         ; EMIT
0100: 0c                         ; RET
;
0101: 18 8b fc 03 00             ; DICTP FOPEN (3fc8b)
0106: 1c                         ; FOPEN
0107: 0c                         ; RET
;
0108: 18 7b fc 03 00             ; DICTP FREAD (3fc7b)
010d: 1d                         ; FREAD
010e: 0c                         ; RET
;
010f: 18 67 fc 03 00             ; DICTP FREADLINE (3fc67)
0114: 1e                         ; FREADLINE
0115: 0c                         ; RET
;
0116: 18 56 fc 03 00             ; DICTP FWRITE (3fc56)
011b: 1f                         ; FWRITE
011c: 0c                         ; RET
;
011d: 18 45 fc 03 00             ; DICTP FCLOSE (3fc45)
0122: 20                         ; FCLOSE
0123: 0c                         ; RET
;
0124: 18 38 fc 03 00             ; DICTP >R (3fc38)
0129: 21                         ; DTOR
012a: 0c                         ; RET
;
012b: 18 2b fc 03 00             ; DICTP R> (3fc2b)
0130: 22                         ; RTOD
0131: 0c                         ; RET
;
0132: 18 1c fc 03 00             ; DICTP PICK (3fc1c)
0137: 25                         ; PICK
0138: 0c                         ; RET
;
0139: 18 0c fc 03 00             ; DICTP DEPTH (3fc0c)
013e: 26                         ; DEPTH
013f: 0c                         ; RET
;
0140: 18 fe fb 03 00             ; DICTP AND (3fbfe)
0145: 24                         ; AND
0146: 0c                         ; RET
;
0147: 18 f1 fb 03 00             ; DICTP OR (3fbf1)
014c: 0d                         ; OR
014d: 0c                         ; RET
;
014e: 18 e1 fb 03 00             ; DICTP GETCH (3fbe1)
0153: 27                         ; GETCH
0154: 0c                         ; RET
;
0155: 18 cc fb 03 00             ; DICTP USTACKINIT (3fbcc)
015a: 29                         ; USTACKINIT
015b: 0c                         ; RET
;
015c: 18 ba fb 03 00             ; DICTP >USTACK (3fbba)
0161: 2a                         ; UPUSH
0162: 0c                         ; RET
;
0163: 18 a8 fb 03 00             ; DICTP USTACK> (3fba8)
0168: 2b                         ; UPOP
0169: 0c                         ; RET
;
016a: 18 98 fb 03 00             ; DICTP BREAK (3fb98)
016f: fd                         ; BREAK
0170: 0c                         ; RET
;
0171: 18 88 fb 03 00             ; DICTP RESET (3fb88)
0176: fe                         ; RESET
0177: 0c                         ; RET
;
0178: 18 7a fb 03 00             ; DICTP BYE (3fb7a)
017d: ff                         ; BYE
017e: 0c                         ; RET
;
017f: 18 6d fb 03 00             ; DICTP CR (3fb6d)
0184: 0e 0d                      ; CLITERAL 13
0186: 19                         ; EMIT
0187: 0e 0a                      ; CLITERAL 10
0189: 19                         ; EMIT
018a: 0c                         ; RET
;
018b: 18 5d fb 03 00             ; DICTP COUNT (3fb5d)
0190: 0e 01                      ; CLITERAL 1
0192: 11                         ; ADD
0193: 06                         ; DUP
0194: 0e 01                      ; CLITERAL 1
0196: 12                         ; SUB
0197: 0f                         ; CFETCH
0198: 0c                         ; RET
;
0199: 18 4e fb 03 00             ; DICTP TYPE (3fb4e)
019e: 0e 00                      ; CLITERAL 0
01a0: 1a                         ; OVER
01a1: 1a                         ; OVER
01a2: 16                         ; EQ
01a3: 09 ac 01 00 00             ; JMPZ 01ac
01a8: 05                         ; DROP
01a9: 05                         ; DROP
01aa: 05                         ; DROP
01ab: 0c                         ; RET
01ac: 21                         ; DTOR
01ad: 21                         ; DTOR
01ae: 06                         ; DUP
01af: 0f                         ; CFETCH
01b0: 19                         ; EMIT
01b1: 0e 01                      ; CLITERAL 1
01b3: 11                         ; ADD
01b4: 22                         ; RTOD
01b5: 22                         ; RTOD
01b6: 0e 01                      ; CLITERAL 1
01b8: 11                         ; ADD
01b9: 08 a0 01 00 00             ; JMP 01a0
01be: 0c                         ; RET
;
01bf: 18 41 fb 03 00             ; DICTP CT (3fb41)
01c4: 0b 8b 01 00 00             ; CALL COUNT (018b)
01c9: 0b 99 01 00 00             ; CALL TYPE (0199)
01ce: 0c                         ; RET
;
01cf: 18 31 fb 03 00             ; DICTP ascii (3fb31)
01d4: 1a                         ; OVER
01d5: 1a                         ; OVER
01d6: 15                         ; LT
01d7: 09 dd 01 00 00             ; JMPZ 01dd
01dc: 04                         ; SWAP
01dd: 04                         ; SWAP
01de: 1a                         ; OVER
01df: 1a                         ; OVER
01e0: 1a                         ; OVER
01e1: 16                         ; EQ
01e2: 09 eb 01 00 00             ; JMPZ 01eb
01e7: 05                         ; DROP
01e8: 05                         ; DROP
01e9: 05                         ; DROP
01ea: 0c                         ; RET
01eb: 21                         ; DTOR
01ec: 21                         ; DTOR
01ed: 06                         ; DUP
01ee: 19                         ; EMIT
01ef: 0e 01                      ; CLITERAL 1
01f1: 11                         ; ADD
01f2: 22                         ; RTOD
01f3: 22                         ; RTOD
01f4: 0e 01                      ; CLITERAL 1
01f6: 11                         ; ADD
01f7: 08 df 01 00 00             ; JMP 01df
01fc: 0c                         ; RET
;
01fd: 18 24 fb 03 00             ; DICTP .w (3fb24)
0202: 06                         ; DUP
0203: 0e 02                      ; CLITERAL 2
0205: 0e 04                      ; CLITERAL 4
0207: 13                         ; MUL
0208: 11                         ; ADD
0209: 0e 01                      ; CLITERAL 1
020b: 11                         ; ADD
020c: 0b 8b 01 00 00             ; CALL COUNT (018b)
0211: 0b 99 01 00 00             ; CALL TYPE (0199)
0216: 0e 20                      ; CLITERAL 32
0218: 19                         ; EMIT
0219: 02                         ; FETCH
021a: 0c                         ; RET
;
021b: 18 14 fb 03 00             ; DICTP WORDS (3fb14)
0220: 0e 14                      ; CLITERAL 20
0222: 02                         ; FETCH
0223: 06                         ; DUP
0224: 02                         ; FETCH
0225: 0e 00                      ; CLITERAL 0
0227: 16                         ; EQ
0228: 09 2f 02 00 00             ; JMPZ 022f
022d: 05                         ; DROP
022e: 0c                         ; RET
022f: 0b fd 01 00 00             ; CALL .w (01fd)
0234: 08 23 02 00 00             ; JMP 0223
0239: 0c                         ; RET
;
023a: 18 01 fb 03 00             ; DICTP count-to (3fb01)
023f: 07 0c 63 6f 75 6e 74 69 6e 67 20 2e 2e 2e 00 ; SLITERAL (0240) [counting ...]
024e: 0b bf 01 00 00             ; CALL CT (01bf)
0253: 0e 01                      ; CLITERAL 1
0255: 1a                         ; OVER
0256: 1a                         ; OVER
0257: 15                         ; LT
0258: 09 6e 02 00 00             ; JMPZ 026e
025d: 07 06 20 44 4f 4e 45 2e 00 ; SLITERAL (025e) [ DONE.]
0266: 0b bf 01 00 00             ; CALL CT (01bf)
026b: 05                         ; DROP
026c: 05                         ; DROP
026d: 0c                         ; RET
026e: 0e 01                      ; CLITERAL 1
0270: 11                         ; ADD
0271: 08 55 02 00 00             ; JMP 0255
0276: 0c                         ; RET
;
0277: 18 f2 fa 03 00             ; DICTP MAIN (3faf2)
027c: 07 0c 68 65 6c 6c 6f 20 77 6f 72 6c 64 21 00 ; SLITERAL (027d) [hello world!]
028b: 0b 8b 01 00 00             ; CALL COUNT (018b)
0290: 0b 99 01 00 00             ; CALL TYPE (0199)
0295: 0b 7f 01 00 00             ; CALL CR (017f)
029a: 0e 41                      ; CLITERAL 65
029c: 0e 4d                      ; CLITERAL 77
029e: 0b cf 01 00 00             ; CALL ascii (01cf)
02a3: 0b 7f 01 00 00             ; CALL CR (017f)
02a8: 0b 1b 02 00 00             ; CALL WORDS (021b)
02ad: 0b 7f 01 00 00             ; CALL CR (017f)
02b2: 0e 64                      ; CLITERAL 100
02b4: 0e 64                      ; CLITERAL 100
02b6: 0e 64                      ; CLITERAL 100
02b8: 0e 64                      ; CLITERAL 100
02ba: 13                         ; MUL
02bb: 13                         ; MUL
02bc: 13                         ; MUL
02bd: 0b 3a 02 00 00             ; CALL count-to (023a)
02c2: ff                         ; BYE
02c3: 0c                         ; RET
;
; End of code, Dictionary:
;
3faf2: 01 fb 03 00               ; MAIN - (next: 3fb01 count-to)
3faf6: 77 02 00 00 00            ; XT=0277, flags=00
3fafb: 04 4d 41 49 4e 00         ; 4, MAIN
;
3fb01: 14 fb 03 00               ; count-to - (next: 3fb14 WORDS)
3fb05: 3a 02 00 00 00            ; XT=023a, flags=00
3fb0a: 08 63 6f 75 6e 74 2d 74 6f 00 ; 8, count-to
;
3fb14: 24 fb 03 00               ; WORDS - (next: 3fb24 .w)
3fb18: 1b 02 00 00 00            ; XT=021b, flags=00
3fb1d: 05 57 4f 52 44 53 00      ; 5, WORDS
;
3fb24: 31 fb 03 00               ; .w - (next: 3fb31 ascii)
3fb28: fd 01 00 00 00            ; XT=01fd, flags=00
3fb2d: 02 2e 77 00               ; 2, .w
;
3fb31: 41 fb 03 00               ; ascii - (next: 3fb41 CT)
3fb35: cf 01 00 00 00            ; XT=01cf, flags=00
3fb3a: 05 61 73 63 69 69 00      ; 5, ascii
;
3fb41: 4e fb 03 00               ; CT - (next: 3fb4e TYPE)
3fb45: bf 01 00 00 00            ; XT=01bf, flags=00
3fb4a: 02 43 54 00               ; 2, CT
;
3fb4e: 5d fb 03 00               ; TYPE - (next: 3fb5d COUNT)
3fb52: 99 01 00 00 00            ; XT=0199, flags=00
3fb57: 04 54 59 50 45 00         ; 4, TYPE
;
3fb5d: 6d fb 03 00               ; COUNT - (next: 3fb6d CR)
3fb61: 8b 01 00 00 00            ; XT=018b, flags=00
3fb66: 05 43 4f 55 4e 54 00      ; 5, COUNT
;
3fb6d: 7a fb 03 00               ; CR - (next: 3fb7a BYE)
3fb71: 7f 01 00 00 00            ; XT=017f, flags=00
3fb76: 02 43 52 00               ; 2, CR
;
3fb7a: 88 fb 03 00               ; BYE - (next: 3fb88 RESET)
3fb7e: 78 01 00 00 02            ; XT=0178, flags=02
3fb83: 03 42 59 45 00            ; 3, BYE
;
3fb88: 98 fb 03 00               ; RESET - (next: 3fb98 BREAK)
3fb8c: 71 01 00 00 02            ; XT=0171, flags=02
3fb91: 05 52 45 53 45 54 00      ; 5, RESET
;
3fb98: a8 fb 03 00               ; BREAK - (next: 3fba8 USTACK>)
3fb9c: 6a 01 00 00 02            ; XT=016a, flags=02
3fba1: 05 42 52 45 41 4b 00      ; 5, BREAK
;
3fba8: ba fb 03 00               ; USTACK> - (next: 3fbba >USTACK)
3fbac: 63 01 00 00 02            ; XT=0163, flags=02
3fbb1: 07 55 53 54 41 43 4b 3e 00 ; 7, USTACK>
;
3fbba: cc fb 03 00               ; >USTACK - (next: 3fbcc USTACKINIT)
3fbbe: 5c 01 00 00 02            ; XT=015c, flags=02
3fbc3: 07 3e 55 53 54 41 43 4b 00 ; 7, >USTACK
;
3fbcc: e1 fb 03 00               ; USTACKINIT - (next: 3fbe1 GETCH)
3fbd0: 55 01 00 00 02            ; XT=0155, flags=02
3fbd5: 0a 55 53 54 41 43 4b 49 4e 49 54 00 ; 10, USTACKINIT
;
3fbe1: f1 fb 03 00               ; GETCH - (next: 3fbf1 OR)
3fbe5: 4e 01 00 00 02            ; XT=014e, flags=02
3fbea: 05 47 45 54 43 48 00      ; 5, GETCH
;
3fbf1: fe fb 03 00               ; OR - (next: 3fbfe AND)
3fbf5: 47 01 00 00 02            ; XT=0147, flags=02
3fbfa: 02 4f 52 00               ; 2, OR
;
3fbfe: 0c fc 03 00               ; AND - (next: 3fc0c DEPTH)
3fc02: 40 01 00 00 02            ; XT=0140, flags=02
3fc07: 03 41 4e 44 00            ; 3, AND
;
3fc0c: 1c fc 03 00               ; DEPTH - (next: 3fc1c PICK)
3fc10: 39 01 00 00 02            ; XT=0139, flags=02
3fc15: 05 44 45 50 54 48 00      ; 5, DEPTH
;
3fc1c: 2b fc 03 00               ; PICK - (next: 3fc2b R>)
3fc20: 32 01 00 00 02            ; XT=0132, flags=02
3fc25: 04 50 49 43 4b 00         ; 4, PICK
;
3fc2b: 38 fc 03 00               ; R> - (next: 3fc38 >R)
3fc2f: 2b 01 00 00 02            ; XT=012b, flags=02
3fc34: 02 52 3e 00               ; 2, R>
;
3fc38: 45 fc 03 00               ; >R - (next: 3fc45 FCLOSE)
3fc3c: 24 01 00 00 02            ; XT=0124, flags=02
3fc41: 02 3e 52 00               ; 2, >R
;
3fc45: 56 fc 03 00               ; FCLOSE - (next: 3fc56 FWRITE)
3fc49: 1d 01 00 00 02            ; XT=011d, flags=02
3fc4e: 06 46 43 4c 4f 53 45 00   ; 6, FCLOSE
;
3fc56: 67 fc 03 00               ; FWRITE - (next: 3fc67 FREADLINE)
3fc5a: 16 01 00 00 02            ; XT=0116, flags=02
3fc5f: 06 46 57 52 49 54 45 00   ; 6, FWRITE
;
3fc67: 7b fc 03 00               ; FREADLINE - (next: 3fc7b FREAD)
3fc6b: 0f 01 00 00 02            ; XT=010f, flags=02
3fc70: 09 46 52 45 41 44 4c 49 4e 45 00 ; 9, FREADLINE
;
3fc7b: 8b fc 03 00               ; FREAD - (next: 3fc8b FOPEN)
3fc7f: 08 01 00 00 02            ; XT=0108, flags=02
3fc84: 05 46 52 45 41 44 00      ; 5, FREAD
;
3fc8b: 9b fc 03 00               ; FOPEN - (next: 3fc9b EMIT)
3fc8f: 01 01 00 00 02            ; XT=0101, flags=02
3fc94: 05 46 4f 50 45 4e 00      ; 5, FOPEN
;
3fc9b: aa fc 03 00               ; EMIT - (next: 3fcaa >)
3fc9f: fa 00 00 00 02            ; XT=00fa, flags=02
3fca4: 04 45 4d 49 54 00         ; 4, EMIT
;
3fcaa: b6 fc 03 00               ; > - (next: 3fcb6 =)
3fcae: f3 00 00 00 02            ; XT=00f3, flags=02
3fcb3: 01 3e 00                  ; 1, >
;
3fcb6: c2 fc 03 00               ; = - (next: 3fcc2 <)
3fcba: ec 00 00 00 02            ; XT=00ec, flags=02
3fcbf: 01 3d 00                  ; 1, =
;
3fcc2: ce fc 03 00               ; < - (next: 3fcce /)
3fcc6: e5 00 00 00 02            ; XT=00e5, flags=02
3fccb: 01 3c 00                  ; 1, <
;
3fcce: da fc 03 00               ; / - (next: 3fcda *)
3fcd2: de 00 00 00 02            ; XT=00de, flags=02
3fcd7: 01 2f 00                  ; 1, /
;
3fcda: e6 fc 03 00               ; * - (next: 3fce6 -)
3fcde: d7 00 00 00 02            ; XT=00d7, flags=02
3fce3: 01 2a 00                  ; 1, *
;
3fce6: f2 fc 03 00               ; - - (next: 3fcf2 +)
3fcea: d0 00 00 00 02            ; XT=00d0, flags=02
3fcef: 01 2d 00                  ; 1, -
;
3fcf2: fe fc 03 00               ; + - (next: 3fcfe COMPAREI)
3fcf6: c9 00 00 00 02            ; XT=00c9, flags=02
3fcfb: 01 2b 00                  ; 1, +
;
3fcfe: 11 fd 03 00               ; COMPAREI - (next: 3fd11 COMPARE)
3fd02: c2 00 00 00 02            ; XT=00c2, flags=02
3fd07: 08 43 4f 4d 50 41 52 45 49 00 ; 8, COMPAREI
;
3fd11: 23 fd 03 00               ; COMPARE - (next: 3fd23 OVER)
3fd15: bb 00 00 00 02            ; XT=00bb, flags=02
3fd1a: 07 43 4f 4d 50 41 52 45 00 ; 7, COMPARE
;
3fd23: 32 fd 03 00               ; OVER - (next: 3fd32 DUP)
3fd27: b4 00 00 00 02            ; XT=00b4, flags=02
3fd2c: 04 4f 56 45 52 00         ; 4, OVER
;
3fd32: 40 fd 03 00               ; DUP - (next: 3fd40 DROP)
3fd36: ad 00 00 00 02            ; XT=00ad, flags=02
3fd3b: 03 44 55 50 00            ; 3, DUP
;
3fd40: 4f fd 03 00               ; DROP - (next: 3fd4f SWAP)
3fd44: a6 00 00 00 02            ; XT=00a6, flags=02
3fd49: 04 44 52 4f 50 00         ; 4, DROP
;
3fd4f: 5e fd 03 00               ; SWAP - (next: 3fd5e C!)
3fd53: 9f 00 00 00 02            ; XT=009f, flags=02
3fd58: 04 53 57 41 50 00         ; 4, SWAP
;
3fd5e: 6b fd 03 00               ; C! - (next: 3fd6b C@)
3fd62: 98 00 00 00 02            ; XT=0098, flags=02
3fd67: 02 43 21 00               ; 2, C!
;
3fd6b: 78 fd 03 00               ; C@ - (next: 3fd78 !)
3fd6f: 91 00 00 00 02            ; XT=0091, flags=02
3fd74: 02 43 40 00               ; 2, C@
;
3fd78: 84 fd 03 00               ; ! - (next: 3fd84 @)
3fd7c: 8a 00 00 00 02            ; XT=008a, flags=02
3fd81: 01 21 00                  ; 1, !
;
3fd84: 90 fd 03 00               ; @ - (next: 3fd90 C,)
3fd88: 83 00 00 00 02            ; XT=0083, flags=02
3fd8d: 01 40 00                  ; 1, @
;
3fd90: 9d fd 03 00               ; C, - (next: 3fd9d STATE)
3fd94: 70 00 00 00 00            ; XT=0070, flags=00
3fd99: 02 43 2c 00               ; 2, C,
;
3fd9d: ad fd 03 00               ; STATE - (next: 3fdad INPUT-FP)
3fda1: 68 00 00 00 02            ; XT=0068, flags=02
3fda6: 05 53 54 41 54 45 00      ; 5, STATE
;
3fdad: c0 fd 03 00               ; INPUT-FP - (next: 3fdc0 (LAST))
3fdb1: 60 00 00 00 02            ; XT=0060, flags=02
3fdb6: 08 49 4e 50 55 54 2d 46 50 00 ; 8, INPUT-FP
;
3fdc0: d1 fd 03 00               ; (LAST) - (next: 3fdd1 DP)
3fdc4: 58 00 00 00 02            ; XT=0058, flags=02
3fdc9: 06 28 4c 41 53 54 29 00   ; 6, (LAST)
;
3fdd1: de fd 03 00               ; DP - (next: 3fdde CELL)
3fdd5: 50 00 00 00 02            ; XT=0050, flags=02
3fdda: 02 44 50 00               ; 2, DP
;
3fdde: ed fd 03 00               ; CELL - (next: 3fded BASE)
3fde2: 48 00 00 00 02            ; XT=0048, flags=02
3fde7: 04 43 45 4c 4c 00         ; 4, CELL
;
3fded: fc fd 03 00               ; BASE - (next: 3fdfc <end>)
3fdf1: 40 00 00 00 02            ; XT=0040, flags=02
3fdf6: 04 42 41 53 45 00         ; 4, BASE
;
3fdfc: 00 00 00 00               ; End.
